
C:\Users\hasri\Downloads\toucan-springboot-starter>cd C:\Users\hasri\Downloads\toucan-springboot-starter

C:\Users\hasri\Downloads\toucan-springboot-starter>mvnw.cmd clean test
WARNING: A terminally deprecated method in sun.misc.Unsafe has been called
WARNING: sun.misc.Unsafe::staticFieldBase has been called by com.google.inject.internal.aop.HiddenClassDefiner (file:/C:/Users/hasri/.m2/wrapper/apache-maven-3.9.11/apache-maven-3.9.11/lib/guice-5.1.0-classes.jar)
WARNING: Please consider reporting this to the maintainers of class com.google.inject.internal.aop.HiddenClassDefiner
WARNING: sun.misc.Unsafe::staticFieldBase will be removed in a future release
[INFO] Scanning for projects...
[INFO]
[INFO] ------------------< com.example:transaction-starter >-------------------
[INFO] Building transaction-starter 0.0.1-SNAPSHOT
[INFO]   from pom.xml
[INFO] --------------------------------[ jar ]---------------------------------
[INFO]
[INFO] --- clean:3.4.1:clean (default-clean) @ transaction-starter ---
[INFO] Deleting C:\Users\hasri\Downloads\toucan-springboot-starter\target
[INFO]
[INFO] --- resources:3.3.1:resources (default-resources) @ transaction-starter ---
[INFO] Copying 1 resource from src\main\resources to target\classes
[INFO] Copying 0 resource from src\main\resources to target\classes
[INFO]
[INFO] --- compiler:3.14.0:compile (default-compile) @ transaction-starter ---
[INFO] Recompiling the module because of changed source code.
[INFO] Compiling 9 source files with javac [debug parameters release 17] to target\classes
[INFO]
[INFO] --- resources:3.3.1:testResources (default-testResources) @ transaction-starter ---
[INFO] skip non existing resourceDirectory C:\Users\hasri\Downloads\toucan-springboot-starter\src\test\resources
[INFO]
[INFO] --- compiler:3.14.0:testCompile (default-testCompile) @ transaction-starter ---
[INFO] Recompiling the module because of changed dependency.
[INFO] Compiling 2 source files with javac [debug parameters release 17] to target\test-classes
[INFO]
[INFO] --- surefire:3.5.3:test (default-test) @ transaction-starter ---
[INFO] Using auto detected provider org.apache.maven.surefire.junitplatform.JUnitPlatformProvider
[INFO]
[INFO] -------------------------------------------------------
[INFO]  T E S T S
[INFO] -------------------------------------------------------
[INFO] Running com.example.transactionstarter.transaction.TransactionServiceTest
Mockito is currently self-attaching to enable the inline-mock-maker. This will no longer work in future releases of the JDK. Please add Mockito as an agent to your build as described in Mockito's documentation: https://javadoc.io/doc/org.mockito/mockito-core/latest/org.mockito/org/mockito/Mockito.html#0.3
WARNING: A Java agent has been loaded dynamically (C:\Users\hasri\.m2\repository\net\bytebuddy\byte-buddy-agent\1.17.7\byte-buddy-agent-1.17.7.jar)
WARNING: If a serviceability tool is in use, please run with -XX:+EnableDynamicAgentLoading to hide this warning
WARNING: If a serviceability tool is not in use, please run with -Djdk.instrument.traceUsage for more information
WARNING: Dynamic loading of agents will be disallowed by default in a future release
Java HotSpot(TM) 64-Bit Server VM warning: Sharing is only supported for boot loader classes because bootstrap classpath has been appended
[INFO] Tests run: 7, Failures: 0, Errors: 0, Skipped: 0, Time elapsed: 1.581 s -- in com.example.transactionstarter.transaction.TransactionServiceTest
[INFO] Running com.example.transactionstarter.TransactionStarterApplicationTests
01:05:57.228 [main] INFO org.springframework.test.context.support.AnnotationConfigContextLoaderUtils -- Could not detect default configuration classes for test class [com.example.transactionstarter.TransactionStarterApplicationTests]: TransactionStarterApplicationTests does not declare any static, non-private, non-final, nested classes annotated with @Configuration.
01:05:57.451 [main] INFO org.springframework.boot.test.context.SpringBootTestContextBootstrapper -- Found @SpringBootConfiguration com.example.transactionstarter.TransactionStarterApplication for test class com.example.transactionstarter.TransactionStarterApplicationTests

  .   ____          _            __ _ _
 /\\ / ___'_ __ _ _(_)_ __  __ _ \ \ \ \
( ( )\___ | '_ | '_| | '_ \/ _` | \ \ \ \
 \\/  ___)| |_)| | | | | || (_| |  ) ) ) )
  '  |____| .__|_| |_|_| |_\__, | / / / /
 =========|_|==============|___/=/_/_/_/

 :: Spring Boot ::                (v3.5.5)

2026-09-01T01:05:58.312+05:30  INFO 13144 --- [           main] c.e.t.TransactionStarterApplicationTests : Starting TransactionStarterApplicationTests using Java 25.0.1 with PID 13144 (started by hasri in C:\Users\hasri\Downloads\toucan-springboot-starter)
2026-09-01T01:05:58.315+05:30  INFO 13144 --- [           main] c.e.t.TransactionStarterApplicationTests : No active profile set, falling back to 1 default profile: "default"
2026-09-01T01:05:59.547+05:30  INFO 13144 --- [           main] .s.d.r.c.RepositoryConfigurationDelegate : Bootstrapping Spring Data JPA repositories in DEFAULT mode.
2026-09-01T01:05:59.636+05:30  INFO 13144 --- [           main] .s.d.r.c.RepositoryConfigurationDelegate : Finished Spring Data repository scanning in 66 ms. Found 1 JPA repository interface.
2026-09-01T01:06:00.370+05:30  INFO 13144 --- [           main] o.hibernate.jpa.internal.util.LogHelper  : HHH000204: Processing PersistenceUnitInfo [name: default]
2026-09-01T01:06:00.483+05:30  INFO 13144 --- [           main] org.hibernate.Version                    : HHH000412: Hibernate ORM core version 6.6.26.Final
2026-09-01T01:06:00.548+05:30  INFO 13144 --- [           main] o.h.c.internal.RegionFactoryInitiator    : HHH000026: Second-level cache disabled
2026-09-01T01:06:00.784+05:30  INFO 13144 --- [           main] o.s.o.j.p.SpringPersistenceUnitInfo      : No LoadTimeWeaver setup: ignoring JPA class transformer
2026-09-01T01:06:00.830+05:30  INFO 13144 --- [           main] com.zaxxer.hikari.HikariDataSource       : HikariPool-1 - Starting...
2026-09-01T01:06:01.113+05:30  INFO 13144 --- [           main] com.zaxxer.hikari.pool.HikariPool        : HikariPool-1 - Added connection conn0: url=jdbc:h2:mem:transactions user=SA
2026-09-01T01:06:01.115+05:30  INFO 13144 --- [           main] com.zaxxer.hikari.HikariDataSource       : HikariPool-1 - Start completed.
2026-09-01T01:06:01.225+05:30  INFO 13144 --- [           main] org.hibernate.orm.connections.pooling    : HHH10001005: Database info:
        Database JDBC URL [Connecting through datasource 'HikariDataSource (HikariPool-1)']
        Database driver: undefined/unknown
        Database version: 2.3.232
        Autocommit mode: undefined/unknown
        Isolation level: undefined/unknown
        Minimum pool size: undefined/unknown
        Maximum pool size: undefined/unknown
2026-09-01T01:06:02.387+05:30  INFO 13144 --- [           main] o.h.e.t.j.p.i.JtaPlatformInitiator       : HHH000489: No JTA platform available (set 'hibernate.transaction.jta.platform' to enable JTA platform integration)
2026-09-01T01:06:02.433+05:30  INFO 13144 --- [           main] j.LocalContainerEntityManagerFactoryBean : Initialized JPA EntityManagerFactory for persistence unit 'default'
2026-09-01T01:06:03.837+05:30  INFO 13144 --- [           main] o.s.b.a.h2.H2ConsoleAutoConfiguration    : H2 console available at '/h2-console'. Database available at 'jdbc:h2:mem:transactions'
2026-09-01T01:06:03.948+05:30  INFO 13144 --- [           main] c.e.t.TransactionStarterApplicationTests : Started TransactionStarterApplicationTests in 6.177 seconds (process running for 9.916)
[INFO] Tests run: 1, Failures: 0, Errors: 0, Skipped: 0, Time elapsed: 6.995 s -- in com.example.transactionstarter.TransactionStarterApplicationTests
[INFO]
[INFO] Results:
[INFO]
[INFO] Tests run: 8, Failures: 0, Errors: 0, Skipped: 0
[INFO]
[INFO] ------------------------------------------------------------------------
[INFO] BUILD SUCCESS
[INFO] ------------------------------------------------------------------------
[INFO] Total time:  17.975 s
[INFO] Finished at: 2026-09-01T01:06:04+05:30
[INFO] ------------------------------------------------------------------------

C:\Users\hasri\Downloads\toucan-springboot-starter>mvnw.cmd clean test
WARNING: A terminally deprecated method in sun.misc.Unsafe has been called
WARNING: sun.misc.Unsafe::staticFieldBase has been called by com.google.inject.internal.aop.HiddenClassDefiner (file:/C:/Users/hasri/.m2/wrapper/apache-maven-3.9.11/apache-maven-3.9.11/lib/guice-5.1.0-classes.jar)
WARNING: Please consider reporting this to the maintainers of class com.google.inject.internal.aop.HiddenClassDefiner
WARNING: sun.misc.Unsafe::staticFieldBase will be removed in a future release
[INFO] Scanning for projects...
[INFO]
[INFO] ------------------< com.example:transaction-starter >-------------------
[INFO] Building transaction-starter 0.0.1-SNAPSHOT
[INFO]   from pom.xml
[INFO] --------------------------------[ jar ]---------------------------------
[INFO]
[INFO] --- clean:3.4.1:clean (default-clean) @ transaction-starter ---
[INFO] Deleting C:\Users\hasri\Downloads\toucan-springboot-starter\target
[INFO]
[INFO] --- resources:3.3.1:resources (default-resources) @ transaction-starter ---
[INFO] Copying 1 resource from src\main\resources to target\classes
[INFO] Copying 0 resource from src\main\resources to target\classes
[INFO]
[INFO] --- compiler:3.14.0:compile (default-compile) @ transaction-starter ---
[INFO] Recompiling the module because of changed source code.
[INFO] Compiling 9 source files with javac [debug parameters release 17] to target\classes
[INFO]
[INFO] --- resources:3.3.1:testResources (default-testResources) @ transaction-starter ---
[INFO] skip non existing resourceDirectory C:\Users\hasri\Downloads\toucan-springboot-starter\src\test\resources
[INFO]
[INFO] --- compiler:3.14.0:testCompile (default-testCompile) @ transaction-starter ---
[INFO] Recompiling the module because of changed dependency.
[INFO] Compiling 2 source files with javac [debug parameters release 17] to target\test-classes
[INFO]
[INFO] --- surefire:3.5.3:test (default-test) @ transaction-starter ---
[INFO] Using auto detected provider org.apache.maven.surefire.junitplatform.JUnitPlatformProvider
[INFO]
[INFO] -------------------------------------------------------
[INFO]  T E S T S
[INFO] -------------------------------------------------------
[INFO] Running com.example.transactionstarter.transaction.TransactionServiceTest
Mockito is currently self-attaching to enable the inline-mock-maker. This will no longer work in future releases of the JDK. Please add Mockito as an agent to your build as described in Mockito's documentation: https://javadoc.io/doc/org.mockito/mockito-core/latest/org.mockito/org/mockito/Mockito.html#0.3
WARNING: A Java agent has been loaded dynamically (C:\Users\hasri\.m2\repository\net\bytebuddy\byte-buddy-agent\1.17.7\byte-buddy-agent-1.17.7.jar)
WARNING: If a serviceability tool is in use, please run with -XX:+EnableDynamicAgentLoading to hide this warning
WARNING: If a serviceability tool is not in use, please run with -Djdk.instrument.traceUsage for more information
WARNING: Dynamic loading of agents will be disallowed by default in a future release
Java HotSpot(TM) 64-Bit Server VM warning: Sharing is only supported for boot loader classes because bootstrap classpath has been appended
[INFO] Tests run: 7, Failures: 0, Errors: 0, Skipped: 0, Time elapsed: 1.119 s -- in com.example.transactionstarter.transaction.TransactionServiceTest
[INFO] Running com.example.transactionstarter.TransactionStarterApplicationTests
01:06:29.320 [main] INFO org.springframework.test.context.support.AnnotationConfigContextLoaderUtils -- Could not detect default configuration classes for test class [com.example.transactionstarter.TransactionStarterApplicationTests]: TransactionStarterApplicationTests does not declare any static, non-private, non-final, nested classes annotated with @Configuration.
01:06:29.452 [main] INFO org.springframework.boot.test.context.SpringBootTestContextBootstrapper -- Found @SpringBootConfiguration com.example.transactionstarter.TransactionStarterApplication for test class com.example.transactionstarter.TransactionStarterApplicationTests

  .   ____          _            __ _ _
 /\\ / ___'_ __ _ _(_)_ __  __ _ \ \ \ \
( ( )\___ | '_ | '_| | '_ \/ _` | \ \ \ \
 \\/  ___)| |_)| | | | | || (_| |  ) ) ) )
  '  |____| .__|_| |_|_| |_\__, | / / / /
 =========|_|==============|___/=/_/_/_/

 :: Spring Boot ::                (v3.5.5)

2026-09-01T01:06:30.044+05:30  INFO 8768 --- [           main] c.e.t.TransactionStarterApplicationTests : Starting TransactionStarterApplicationTests using Java 25.0.1 with PID 8768 (started by hasri in C:\Users\hasri\Downloads\toucan-springboot-starter)
2026-09-01T01:06:30.046+05:30  INFO 8768 --- [           main] c.e.t.TransactionStarterApplicationTests : No active profile set, falling back to 1 default profile: "default"
2026-09-01T01:06:30.900+05:30  INFO 8768 --- [           main] .s.d.r.c.RepositoryConfigurationDelegate : Bootstrapping Spring Data JPA repositories in DEFAULT mode.
2026-09-01T01:06:30.997+05:30  INFO 8768 --- [           main] .s.d.r.c.RepositoryConfigurationDelegate : Finished Spring Data repository scanning in 81 ms. Found 1 JPA repository interface.
2026-09-01T01:06:31.622+05:30  INFO 8768 --- [           main] o.hibernate.jpa.internal.util.LogHelper  : HHH000204: Processing PersistenceUnitInfo [name: default]
2026-09-01T01:06:31.720+05:30  INFO 8768 --- [           main] org.hibernate.Version                    : HHH000412: Hibernate ORM core version 6.6.26.Final
2026-09-01T01:06:31.786+05:30  INFO 8768 --- [           main] o.h.c.internal.RegionFactoryInitiator    : HHH000026: Second-level cache disabled
2026-09-01T01:06:32.018+05:30  INFO 8768 --- [           main] o.s.o.j.p.SpringPersistenceUnitInfo      : No LoadTimeWeaver setup: ignoring JPA class transformer
2026-09-01T01:06:32.064+05:30  INFO 8768 --- [           main] com.zaxxer.hikari.HikariDataSource       : HikariPool-1 - Starting...
2026-09-01T01:06:32.384+05:30  INFO 8768 --- [           main] com.zaxxer.hikari.pool.HikariPool        : HikariPool-1 - Added connection conn0: url=jdbc:h2:mem:transactions user=SA
2026-09-01T01:06:32.386+05:30  INFO 8768 --- [           main] com.zaxxer.hikari.HikariDataSource       : HikariPool-1 - Start completed.
2026-09-01T01:06:32.500+05:30  INFO 8768 --- [           main] org.hibernate.orm.connections.pooling    : HHH10001005: Database info:
        Database JDBC URL [Connecting through datasource 'HikariDataSource (HikariPool-1)']
        Database driver: undefined/unknown
        Database version: 2.3.232
        Autocommit mode: undefined/unknown
        Isolation level: undefined/unknown
        Minimum pool size: undefined/unknown
        Maximum pool size: undefined/unknown
2026-09-01T01:06:33.375+05:30  INFO 8768 --- [           main] o.h.e.t.j.p.i.JtaPlatformInitiator       : HHH000489: No JTA platform available (set 'hibernate.transaction.jta.platform' to enable JTA platform integration)
2026-09-01T01:06:33.412+05:30  INFO 8768 --- [           main] j.LocalContainerEntityManagerFactoryBean : Initialized JPA EntityManagerFactory for persistence unit 'default'
2026-09-01T01:06:34.625+05:30  INFO 8768 --- [           main] o.s.b.a.h2.H2ConsoleAutoConfiguration    : H2 console available at '/h2-console'. Database available at 'jdbc:h2:mem:transactions'
2026-09-01T01:06:34.730+05:30  INFO 8768 --- [           main] c.e.t.TransactionStarterApplicationTests : Started TransactionStarterApplicationTests in 5.067 seconds (process running for 7.552)
[INFO] Tests run: 1, Failures: 0, Errors: 0, Skipped: 0, Time elapsed: 5.614 s -- in com.example.transactionstarter.TransactionStarterApplicationTests
[INFO]
[INFO] Results:
[INFO]
[INFO] Tests run: 8, Failures: 0, Errors: 0, Skipped: 0
[INFO]
[INFO] ------------------------------------------------------------------------
[INFO] BUILD SUCCESS
[INFO] ------------------------------------------------------------------------
[INFO] Total time:  13.560 s
[INFO] Finished at: 2026-09-01T01:06:34+05:30
[INFO] ------------------------------------------------------------------------

C:\Users\hasri\Downloads\toucan-springboot-starter>
